// Jest Snapshot v1, https://goo.gl/fbAQLP

exports[`WorkspaceList should render title and table normally 1`] = `
<div>
  <div
    class="euiPage euiPage--grow"
  >
    <div
      class="euiPanel euiPanel--paddingLarge euiPanel--borderRadiusNone euiPanel--plain euiPanel--hasShadow euiPageBody euiPageBody--borderRadiusNone euiPageBody--paddingLarge"
    >
      <header
        class="euiPageHeader euiPageHeader--responsive euiPage--restrictWidth-default euiPageHeader--center"
        style="padding-bottom: 0px; border-bottom: 0;"
      >
        <div
          class="euiPageHeaderContent"
        >
          <div
            class="euiFlexGroup euiFlexGroup--gutterLarge euiFlexGroup--alignItemsFlexStart euiFlexGroup--directionRow euiFlexGroup--responsive euiPageHeaderContent__top"
          >
            <div
              class="euiFlexItem"
            >
              <h1
                class="euiTitle euiTitle--large"
              >
                Workspaces
              </h1>
              <div
                class="euiSpacer euiSpacer--l"
              />
              <div
                class="euiText euiText--medium euiText--constrainedWidth"
              >
                <p>
                  Workspace allow you to save and organize library items, such as index patterns, visualizations, dashboards, saved searches, and share them with other OpenSearch Dashboards users. You can control which features are visible in each workspace, and which users and groups have read and write access to the library items in the workspace.
                </p>
              </div>
            </div>
          </div>
        </div>
      </header>
      <div
        class="euiPanel euiPanel--paddingLarge euiPanel--borderRadiusMedium euiPanel--plain euiPanel--noShadow euiPageContent euiPageContent--verticalCenter euiPageContent--horizontalCenter"
        role="main"
        style="width: 100%;"
      >
        <div>
          <div
            class="euiFlexGroup euiFlexGroup--gutterMedium euiFlexGroup--alignItemsCenter euiFlexGroup--directionRow euiFlexGroup--responsive euiFlexGroup--wrap"
          >
            <div
              class="euiFlexItem euiSearchBar__searchHolder"
            >
              <div
                class="euiFormControlLayout euiFormControlLayout--fullWidth"
              >
                <div
                  class="euiFormControlLayout__childrenWrapper"
                >
                  <input
                    aria-label="This is a search bar. As you type, the results lower in the page will automatically filter."
                    class="euiFieldSearch euiFieldSearch--fullWidth"
                    placeholder="Search..."
                    type="search"
                    value=""
                  />
                  <div
                    class="euiFormControlLayoutIcons"
                  >
                    <span
                      class="euiFormControlLayoutCustomIcon"
                    >
                      <span
                        aria-hidden="true"
                        class="euiFormControlLayoutCustomIcon__icon"
                        data-euiicon-type="search"
                      />
                    </span>
                  </div>
                </div>
              </div>
            </div>
            <div
              class="euiFlexItem euiFlexItem--flexGrowZero euiSearchBar__filtersHolder"
            >
              <div
                class="euiFilterGroup"
              >
                <div
                  class="euiPopover euiPopover--anchorDownCenter"
                  id="field_value_selection_0"
                >
                  <div
                    class="euiPopover__anchor"
                  >
                    <button
                      class="euiButtonEmpty euiButtonEmpty--text euiFilterButton euiFilterButton--hasIcon"
                      type="button"
                    >
                      <span
                        class="euiButtonContent euiButtonContent--iconRight euiButtonEmpty__content"
                      >
                        <span
                          class="euiButtonContent__icon"
                          color="inherit"
                          data-euiicon-type="arrowDown"
                        />
                        <span
                          class="euiButtonEmpty__text"
                        >
                          <span
                            class="euiFilterButton__textShift"
                            data-text="Use Case"
                            title="Use Case"
                          >
                            Use Case
                          </span>
                        </span>
                      </span>
                    </button>
                  </div>
                </div>
              </div>
            </div>
          </div>
          <div
            class="euiSpacer euiSpacer--l"
          />
          <div
            class="euiBasicTable"
          >
            <div>
              <div
                class="euiTableHeaderMobile"
              >
                <div
                  class="euiFlexGroup euiFlexGroup--gutterLarge euiFlexGroup--alignItemsBaseline euiFlexGroup--justifyContentSpaceBetween euiFlexGroup--directionRow"
                >
                  <div
                    class="euiFlexItem euiFlexItem--flexGrowZero"
                  >
                    <div
                      class="euiCheckbox"
                    >
                      <input
                        aria-label="Select all rows"
                        class="euiCheckbox__input"
                        disabled=""
                        id="_selection_column-checkbox_generated-id"
                        type="checkbox"
                      />
                      <div
                        class="euiCheckbox__square"
                      />
                      <label
                        class="euiCheckbox__label"
                        for="_selection_column-checkbox_generated-id"
                      >
                        Select all rows
                      </label>
                    </div>
                  </div>
                  <div
                    class="euiFlexItem euiFlexItem--flexGrowZero"
                  >
                    <div
                      class="euiTableSortMobile"
                    >
                      <div
                        class="euiPopover euiPopover--anchorDownRight"
                      >
                        <div
                          class="euiPopover__anchor"
                        >
                          <button
                            class="euiButtonEmpty euiButtonEmpty--primary euiButtonEmpty--xSmall euiButtonEmpty--flushRight"
                            type="button"
                          >
                            <span
                              class="euiButtonContent euiButtonContent--iconRight euiButtonEmpty__content"
                            >
                              <span
                                class="euiButtonContent__icon"
                                color="inherit"
                                data-euiicon-type="arrowDown"
                              />
                              <span
                                class="euiButtonEmpty__text"
                              >
                                Sorting
                              </span>
                            </span>
                          </button>
                        </div>
                      </div>
                    </div>
                  </div>
                </div>
              </div>
              <table
                class="euiTable euiTable--responsive"
                id="__table_generated-id"
                tabindex="-1"
              >
                <caption
                  class="euiScreenReaderOnly euiTableCaption"
                />
                <thead>
                  <tr>
                    <th
                      class="euiTableHeaderCellCheckbox"
                      scope="col"
                    >
                      <div
                        class="euiTableCellContent"
                      >
                        <div
                          class="euiCheckbox euiCheckbox--inList euiCheckbox--noLabel"
                        >
                          <input
                            aria-label="Select all rows"
                            class="euiCheckbox__input"
                            data-test-subj="checkboxSelectAll"
                            disabled=""
                            id="_selection_column-checkbox_generated-id"
                            type="checkbox"
                          />
                          <div
                            class="euiCheckbox__square"
                          />
                        </div>
                      </div>
                    </th>
                    <th
                      aria-live="polite"
                      aria-sort="ascending"
                      class="euiTableHeaderCell"
                      data-test-subj="tableHeaderCell_name_0"
                      role="columnheader"
                      scope="col"
                      style="width: 25%;"
                    >
                      <button
                        class="euiTableHeaderButton euiTableHeaderButton-isSorted"
                        data-test-subj="tableHeaderSortButton"
                        type="button"
                      >
                        <span
                          class="euiTableCellContent"
                        >
                          <span
                            class="euiTableCellContent__text"
                            title="Name"
                          >
                            Name
                          </span>
                          <span
                            class="euiTableSortIcon"
                            data-euiicon-type="sortUp"
                          />
                        </span>
                      </button>
                    </th>
                    <th
                      class="euiTableHeaderCell"
                      data-test-subj="tableHeaderCell_useCase_1"
                      role="columnheader"
                      scope="col"
                      style="width: 20%;"
                    >
                      <span
                        class="euiTableCellContent"
                      >
                        <span
                          class="euiTableCellContent__text"
                          title="Use case"
                        >
                          Use case
                        </span>
                      </span>
                    </th>
                    <th
                      class="euiTableHeaderCell"
                      data-test-subj="tableHeaderCell_description_2"
                      role="columnheader"
                      scope="col"
                      style="width: 20%;"
                    >
                      <span
                        class="euiTableCellContent"
                      >
                        <span
                          class="euiTableCellContent__text"
                          title="Description"
                        >
                          Description
                        </span>
                      </span>
                    </th>
                    <th
                      class="euiTableHeaderCell"
                      data-test-subj="tableHeaderCell_lastUpdatedTime_3"
                      role="columnheader"
                      scope="col"
                      style="width: 25%;"
                    >
                      <span
                        class="euiTableCellContent"
                      >
                        <span
                          class="euiTableCellContent__text"
                          title="Last updated"
                        >
                          Last updated
                        </span>
                      </span>
                    </th>
                    <th
                      class="euiTableHeaderCell"
                      role="columnheader"
                      scope="col"
                    >
                      <span
                        class="euiTableCellContent euiTableCellContent--alignRight"
                      >
                        <span
                          class="euiTableCellContent__text"
                          title="Actions"
                        >
                          Actions
                        </span>
                      </span>
                    </th>
                  </tr>
                </thead>
                <tbody>
                  <tr
                    class="euiTableRow"
                  >
                    <td
                      class="euiTableRowCell euiTableRowCell--isMobileFullWidth"
                      colspan="6"
                    >
                      <div
                        class="euiTableCellContent euiTableCellContent--alignCenter"
                      >
                        <span
                          class="euiTableCellContent__text"
                        >
                          <div
                            class="euiEmptyPrompt"
                          >
                            <span
                              color="subdued"
                              data-euiicon-type="spacesApp"
                            />
                            <div
                              class="euiSpacer euiSpacer--m"
                            />
                            <h3
                              class="euiTitle euiTitle--small"
                            >
                              No workspace available
                            </h3>
                            <span
                              class="euiTextColor euiTextColor--subdued"
                            >
                              <div
                                class="euiSpacer euiSpacer--m"
                              />
                              <div
                                class="euiText euiText--medium"
                              >
                                There are no workspace to display. Create workspace to get started.
                              </div>
                            </span>
                          </div>
                        </span>
                      </div>
                    </td>
                  </tr>
                </tbody>
              </table>
            </div>
          </div>
        </div>
      </div>
    </div>
  </div>
</div>
`;
